../Core/Src/main.c:99:6:HAL_TIM_PeriodElapsedCallback	16	static
../Core/Src/main.c:103:6:ErrorLedBlink	8	static
../Core/Src/main.c:120:5:main	32	static
../Core/Src/main.c:196:6:SystemClock_Config	96	static
../Core/Src/main.c:245:13:MX_ADC1_Init	48	static
../Core/Src/main.c:321:13:MX_CAN1_Init	48	static
../Core/Src/main.c:389:13:MX_DAC1_Init	48	static
../Core/Src/main.c:432:13:MX_TIM6_Init	24	static
../Core/Src/main.c:470:13:MX_USART2_UART_Init	8	static
../Core/Src/main.c:503:13:MX_DMA_Init	16	static
../Core/Src/main.c:524:13:MX_GPIO_Init	48	static
../Core/Src/main.c:610:10:dacInput	40	static
../Core/Src/main.c:666:6:Error_Handler	8	static,ignoring_inline_asm
