../Core/Src/main.c:104:6:HAL_TIM_PeriodElapsedCallback	16	static
../Core/Src/main.c:108:6:HAL_ADC_ConvCpltCallback	16	static
../Core/Src/main.c:124:5:main	32	static
../Core/Src/main.c:208:6:SystemClock_Config	96	static
../Core/Src/main.c:257:13:MX_ADC1_Init	48	static
../Core/Src/main.c:341:13:MX_CAN1_Init	48	static
../Core/Src/main.c:409:13:MX_DAC1_Init	48	static
../Core/Src/main.c:452:13:MX_TIM6_Init	24	static
../Core/Src/main.c:490:13:MX_USART2_UART_Init	8	static
../Core/Src/main.c:523:13:MX_DMA_Init	16	static
../Core/Src/main.c:544:13:MX_GPIO_Init	48	static
../Core/Src/main.c:578:10:dacInput	48	static
../Core/Src/main.c:636:6:Error_Handler	8	static,ignoring_inline_asm
