../Drivers/STM32L4xx_HAL_Driver/Inc/stm32l4xx_ll_adc.h:3166:23:LL_ADC_SetCommonClock	16	static
../Drivers/STM32L4xx_HAL_Driver/Inc/stm32l4xx_ll_adc.h:3233:23:LL_ADC_SetCommonPathInternalCh	16	static
../Drivers/STM32L4xx_HAL_Driver/Inc/stm32l4xx_ll_adc.h:3316:27:LL_ADC_GetCommonPathInternalCh	16	static
../Drivers/STM32L4xx_HAL_Driver/Inc/stm32l4xx_ll_adc.h:3641:23:LL_ADC_SetOffset	32	static
../Drivers/STM32L4xx_HAL_Driver/Inc/stm32l4xx_ll_adc.h:3721:27:LL_ADC_GetOffsetChannel	24	static
../Drivers/STM32L4xx_HAL_Driver/Inc/stm32l4xx_ll_adc.h:3780:23:LL_ADC_SetOffsetState	32	static
../Drivers/STM32L4xx_HAL_Driver/Inc/stm32l4xx_ll_adc.h:3960:27:LL_ADC_REG_IsTriggerSourceSWStart	16	static
../Drivers/STM32L4xx_HAL_Driver/Inc/stm32l4xx_ll_adc.h:4263:23:LL_ADC_REG_SetSequencerRanks	32	static
../Drivers/STM32L4xx_HAL_Driver/Inc/stm32l4xx_ll_adc.h:4693:27:LL_ADC_INJ_IsTriggerSourceSWStart	16	static
../Drivers/STM32L4xx_HAL_Driver/Inc/stm32l4xx_ll_adc.h:5418:23:LL_ADC_SetChannelSamplingTime	32	static
../Drivers/STM32L4xx_HAL_Driver/Inc/stm32l4xx_ll_adc.h:5576:23:LL_ADC_SetChannelSingleDiff	24	static
../Drivers/STM32L4xx_HAL_Driver/Inc/stm32l4xx_ll_adc.h:5783:23:LL_ADC_SetAnalogWDMonitChannels	32	static
../Drivers/STM32L4xx_HAL_Driver/Inc/stm32l4xx_ll_adc.h:6031:23:LL_ADC_ConfigAnalogWDThresholds	32	static
../Drivers/STM32L4xx_HAL_Driver/Inc/stm32l4xx_ll_adc.h:6419:27:LL_ADC_GetMultimode	16	static
../Drivers/STM32L4xx_HAL_Driver/Inc/stm32l4xx_ll_adc.h:6517:27:LL_ADC_GetMultiDMATransfer	16	static
../Drivers/STM32L4xx_HAL_Driver/Inc/stm32l4xx_ll_adc.h:6650:23:LL_ADC_DisableDeepPowerDown	16	static
../Drivers/STM32L4xx_HAL_Driver/Inc/stm32l4xx_ll_adc.h:6663:27:LL_ADC_IsDeepPowerDownEnabled	16	static
../Drivers/STM32L4xx_HAL_Driver/Inc/stm32l4xx_ll_adc.h:6683:23:LL_ADC_EnableInternalRegulator	16	static
../Drivers/STM32L4xx_HAL_Driver/Inc/stm32l4xx_ll_adc.h:6709:27:LL_ADC_IsInternalRegulatorEnabled	16	static
../Drivers/STM32L4xx_HAL_Driver/Inc/stm32l4xx_ll_adc.h:6731:23:LL_ADC_Enable	16	static
../Drivers/STM32L4xx_HAL_Driver/Inc/stm32l4xx_ll_adc.h:6748:23:LL_ADC_Disable	16	static
../Drivers/STM32L4xx_HAL_Driver/Inc/stm32l4xx_ll_adc.h:6764:27:LL_ADC_IsEnabled	16	static
../Drivers/STM32L4xx_HAL_Driver/Inc/stm32l4xx_ll_adc.h:6774:27:LL_ADC_IsDisableOngoing	16	static
../Drivers/STM32L4xx_HAL_Driver/Inc/stm32l4xx_ll_adc.h:6847:23:LL_ADC_REG_StartConversion	16	static
../Drivers/STM32L4xx_HAL_Driver/Inc/stm32l4xx_ll_adc.h:6864:23:LL_ADC_REG_StopConversion	16	static
../Drivers/STM32L4xx_HAL_Driver/Inc/stm32l4xx_ll_adc.h:6877:27:LL_ADC_REG_IsConversionOngoing	16	static
../Drivers/STM32L4xx_HAL_Driver/Inc/stm32l4xx_ll_adc.h:7040:23:LL_ADC_INJ_StopConversion	16	static
../Drivers/STM32L4xx_HAL_Driver/Inc/stm32l4xx_ll_adc.h:7053:27:LL_ADC_INJ_IsConversionOngoing	16	static
../Drivers/STM32L4xx_HAL_Driver/Inc/stm32l4xx_ll_adc.h:7425:23:LL_ADC_ClearFlag_AWD1	16	static
../Drivers/STM32L4xx_HAL_Driver/Inc/stm32l4xx_ll_adc.h:7435:23:LL_ADC_ClearFlag_AWD2	16	static
../Drivers/STM32L4xx_HAL_Driver/Inc/stm32l4xx_ll_adc.h:7445:23:LL_ADC_ClearFlag_AWD3	16	static
../Drivers/STM32L4xx_HAL_Driver/Inc/stm32l4xx_ll_adc.h:7831:23:LL_ADC_EnableIT_AWD1	16	static
../Drivers/STM32L4xx_HAL_Driver/Inc/stm32l4xx_ll_adc.h:7841:23:LL_ADC_EnableIT_AWD2	16	static
../Drivers/STM32L4xx_HAL_Driver/Inc/stm32l4xx_ll_adc.h:7851:23:LL_ADC_EnableIT_AWD3	16	static
../Drivers/STM32L4xx_HAL_Driver/Inc/stm32l4xx_ll_adc.h:7941:23:LL_ADC_DisableIT_AWD1	16	static
../Drivers/STM32L4xx_HAL_Driver/Inc/stm32l4xx_ll_adc.h:7951:23:LL_ADC_DisableIT_AWD2	16	static
../Drivers/STM32L4xx_HAL_Driver/Inc/stm32l4xx_ll_adc.h:7961:23:LL_ADC_DisableIT_AWD3	16	static
../Drivers/STM32L4xx_HAL_Driver/Src/stm32l4xx_hal_adc.c:393:19:HAL_ADC_Init	48	static
../Drivers/STM32L4xx_HAL_Driver/Src/stm32l4xx_hal_adc.c:678:19:HAL_ADC_DeInit	32	static
../Drivers/STM32L4xx_HAL_Driver/Src/stm32l4xx_hal_adc.c:871:13:HAL_ADC_MspInit	16	static
../Drivers/STM32L4xx_HAL_Driver/Src/stm32l4xx_hal_adc.c:887:13:HAL_ADC_MspDeInit	16	static
../Drivers/STM32L4xx_HAL_Driver/Src/stm32l4xx_hal_adc.c:1176:19:HAL_ADC_Start	32	static
../Drivers/STM32L4xx_HAL_Driver/Src/stm32l4xx_hal_adc.c:1298:19:HAL_ADC_Stop	24	static
../Drivers/STM32L4xx_HAL_Driver/Src/stm32l4xx_hal_adc.c:1349:19:HAL_ADC_PollForConversion	40	static
../Drivers/STM32L4xx_HAL_Driver/Src/stm32l4xx_hal_adc.c:1511:19:HAL_ADC_PollForEvent	32	static
../Drivers/STM32L4xx_HAL_Driver/Src/stm32l4xx_hal_adc.c:1652:19:HAL_ADC_Start_IT	32	static
../Drivers/STM32L4xx_HAL_Driver/Src/stm32l4xx_hal_adc.c:1842:19:HAL_ADC_Stop_IT	24	static
../Drivers/STM32L4xx_HAL_Driver/Src/stm32l4xx_hal_adc.c:1892:19:HAL_ADC_Start_DMA	32	static
../Drivers/STM32L4xx_HAL_Driver/Src/stm32l4xx_hal_adc.c:2026:19:HAL_ADC_Stop_DMA	24	static
../Drivers/STM32L4xx_HAL_Driver/Src/stm32l4xx_hal_adc.c:2103:10:HAL_ADC_GetValue	16	static
../Drivers/STM32L4xx_HAL_Driver/Src/stm32l4xx_hal_adc.c:2119:6:HAL_ADC_IRQHandler	48	static
../Drivers/STM32L4xx_HAL_Driver/Src/stm32l4xx_hal_adc.c:2466:13:HAL_ADC_ConvCpltCallback	16	static
../Drivers/STM32L4xx_HAL_Driver/Src/stm32l4xx_hal_adc.c:2480:13:HAL_ADC_ConvHalfCpltCallback	16	static
../Drivers/STM32L4xx_HAL_Driver/Src/stm32l4xx_hal_adc.c:2494:13:HAL_ADC_LevelOutOfWindowCallback	16	static
../Drivers/STM32L4xx_HAL_Driver/Src/stm32l4xx_hal_adc.c:2515:13:HAL_ADC_ErrorCallback	16	static
../Drivers/STM32L4xx_HAL_Driver/Src/stm32l4xx_hal_adc.c:2560:19:HAL_ADC_ConfigChannel	224	static,ignoring_inline_asm
../Drivers/STM32L4xx_HAL_Driver/Src/stm32l4xx_hal_adc.c:2815:19:HAL_ADC_AnalogWDGConfig	64	static,ignoring_inline_asm
../Drivers/STM32L4xx_HAL_Driver/Src/stm32l4xx_hal_adc.c:3076:10:HAL_ADC_GetState	16	static
../Drivers/STM32L4xx_HAL_Driver/Src/stm32l4xx_hal_adc.c:3089:10:HAL_ADC_GetError	16	static
../Drivers/STM32L4xx_HAL_Driver/Src/stm32l4xx_hal_adc.c:3118:19:ADC_ConversionStop	40	static
../Drivers/STM32L4xx_HAL_Driver/Src/stm32l4xx_hal_adc.c:3237:19:ADC_Enable	24	static
../Drivers/STM32L4xx_HAL_Driver/Src/stm32l4xx_hal_adc.c:3325:19:ADC_Disable	24	static
../Drivers/STM32L4xx_HAL_Driver/Src/stm32l4xx_hal_adc.c:3381:6:ADC_DMAConvCplt	24	static
../Drivers/STM32L4xx_HAL_Driver/Src/stm32l4xx_hal_adc.c:3447:6:ADC_DMAHalfConvCplt	24	static
../Drivers/STM32L4xx_HAL_Driver/Src/stm32l4xx_hal_adc.c:3465:6:ADC_DMAError	24	static
