../Drivers/STM32L4xx_HAL_Driver/Src/stm32l4xx_hal_uart.c:327:19:HAL_UART_Init	16	static
../Drivers/STM32L4xx_HAL_Driver/Src/stm32l4xx_hal_uart.c:396:19:HAL_HalfDuplex_Init	16	static
../Drivers/STM32L4xx_HAL_Driver/Src/stm32l4xx_hal_uart.c:465:19:HAL_LIN_Init	16	static
../Drivers/STM32L4xx_HAL_Driver/Src/stm32l4xx_hal_uart.c:558:19:HAL_MultiProcessor_Init	24	static
../Drivers/STM32L4xx_HAL_Driver/Src/stm32l4xx_hal_uart.c:630:19:HAL_UART_DeInit	16	static
../Drivers/STM32L4xx_HAL_Driver/Src/stm32l4xx_hal_uart.c:676:13:HAL_UART_MspInit	16	static
../Drivers/STM32L4xx_HAL_Driver/Src/stm32l4xx_hal_uart.c:690:13:HAL_UART_MspDeInit	16	static
../Drivers/STM32L4xx_HAL_Driver/Src/stm32l4xx_hal_uart.c:1131:19:HAL_UART_Transmit	48	static
../Drivers/STM32L4xx_HAL_Driver/Src/stm32l4xx_hal_uart.c:1211:19:HAL_UART_Receive	48	static
../Drivers/STM32L4xx_HAL_Driver/Src/stm32l4xx_hal_uart.c:1286:19:HAL_UART_Transmit_IT	48	static,ignoring_inline_asm
../Drivers/STM32L4xx_HAL_Driver/Src/stm32l4xx_hal_uart.c:1363:19:HAL_UART_Receive_IT	48	static,ignoring_inline_asm
../Drivers/STM32L4xx_HAL_Driver/Src/stm32l4xx_hal_uart.c:1398:19:HAL_UART_Transmit_DMA	48	static,ignoring_inline_asm
../Drivers/STM32L4xx_HAL_Driver/Src/stm32l4xx_hal_uart.c:1463:19:HAL_UART_Receive_DMA	48	static,ignoring_inline_asm
../Drivers/STM32L4xx_HAL_Driver/Src/stm32l4xx_hal_uart.c:1493:19:HAL_UART_DMAPause	120	static,ignoring_inline_asm
../Drivers/STM32L4xx_HAL_Driver/Src/stm32l4xx_hal_uart.c:1520:19:HAL_UART_DMAResume	112	static,ignoring_inline_asm
../Drivers/STM32L4xx_HAL_Driver/Src/stm32l4xx_hal_uart.c:1547:19:HAL_UART_DMAStop	72	static,ignoring_inline_asm
../Drivers/STM32L4xx_HAL_Driver/Src/stm32l4xx_hal_uart.c:1613:19:HAL_UART_Abort	136	static,ignoring_inline_asm
../Drivers/STM32L4xx_HAL_Driver/Src/stm32l4xx_hal_uart.c:1716:19:HAL_UART_AbortTransmit	64	static,ignoring_inline_asm
../Drivers/STM32L4xx_HAL_Driver/Src/stm32l4xx_hal_uart.c:1777:19:HAL_UART_AbortReceive	112	static,ignoring_inline_asm
../Drivers/STM32L4xx_HAL_Driver/Src/stm32l4xx_hal_uart.c:1846:19:HAL_UART_Abort_IT	144	static,ignoring_inline_asm
../Drivers/STM32L4xx_HAL_Driver/Src/stm32l4xx_hal_uart.c:1987:19:HAL_UART_AbortTransmit_IT	64	static,ignoring_inline_asm
../Drivers/STM32L4xx_HAL_Driver/Src/stm32l4xx_hal_uart.c:2076:19:HAL_UART_AbortReceive_IT	112	static,ignoring_inline_asm
../Drivers/STM32L4xx_HAL_Driver/Src/stm32l4xx_hal_uart.c:2167:6:HAL_UART_IRQHandler	240	static,ignoring_inline_asm
../Drivers/STM32L4xx_HAL_Driver/Src/stm32l4xx_hal_uart.c:2519:13:HAL_UART_TxCpltCallback	16	static
../Drivers/STM32L4xx_HAL_Driver/Src/stm32l4xx_hal_uart.c:2533:13:HAL_UART_TxHalfCpltCallback	16	static
../Drivers/STM32L4xx_HAL_Driver/Src/stm32l4xx_hal_uart.c:2547:13:HAL_UART_RxCpltCallback	16	static
../Drivers/STM32L4xx_HAL_Driver/Src/stm32l4xx_hal_uart.c:2561:13:HAL_UART_RxHalfCpltCallback	16	static
../Drivers/STM32L4xx_HAL_Driver/Src/stm32l4xx_hal_uart.c:2575:13:HAL_UART_ErrorCallback	16	static
../Drivers/STM32L4xx_HAL_Driver/Src/stm32l4xx_hal_uart.c:2589:13:HAL_UART_AbortCpltCallback	16	static
../Drivers/STM32L4xx_HAL_Driver/Src/stm32l4xx_hal_uart.c:2603:13:HAL_UART_AbortTransmitCpltCallback	16	static
../Drivers/STM32L4xx_HAL_Driver/Src/stm32l4xx_hal_uart.c:2617:13:HAL_UART_AbortReceiveCpltCallback	16	static
../Drivers/STM32L4xx_HAL_Driver/Src/stm32l4xx_hal_uart.c:2633:13:HAL_UARTEx_RxEventCallback	16	static
../Drivers/STM32L4xx_HAL_Driver/Src/stm32l4xx_hal_uart.c:2680:6:HAL_UART_ReceiverTimeout_Config	16	static
../Drivers/STM32L4xx_HAL_Driver/Src/stm32l4xx_hal_uart.c:2694:19:HAL_UART_EnableReceiverTimeout	16	static
../Drivers/STM32L4xx_HAL_Driver/Src/stm32l4xx_hal_uart.c:2725:19:HAL_UART_DisableReceiverTimeout	16	static
../Drivers/STM32L4xx_HAL_Driver/Src/stm32l4xx_hal_uart.c:2756:19:HAL_MultiProcessor_EnableMuteMode	40	static,ignoring_inline_asm
../Drivers/STM32L4xx_HAL_Driver/Src/stm32l4xx_hal_uart.c:2775:19:HAL_MultiProcessor_DisableMuteMode	40	static,ignoring_inline_asm
../Drivers/STM32L4xx_HAL_Driver/Src/stm32l4xx_hal_uart.c:2794:6:HAL_MultiProcessor_EnterMuteMode	16	static
../Drivers/STM32L4xx_HAL_Driver/Src/stm32l4xx_hal_uart.c:2803:19:HAL_HalfDuplex_EnableTransmitter	64	static,ignoring_inline_asm
../Drivers/STM32L4xx_HAL_Driver/Src/stm32l4xx_hal_uart.c:2825:19:HAL_HalfDuplex_EnableReceiver	64	static,ignoring_inline_asm
../Drivers/STM32L4xx_HAL_Driver/Src/stm32l4xx_hal_uart.c:2847:19:HAL_LIN_SendBreak	16	static
../Drivers/STM32L4xx_HAL_Driver/Src/stm32l4xx_hal_uart.c:2891:23:HAL_UART_GetState	24	static
../Drivers/STM32L4xx_HAL_Driver/Src/stm32l4xx_hal_uart.c:2906:10:HAL_UART_GetError	16	static
../Drivers/STM32L4xx_HAL_Driver/Src/stm32l4xx_hal_uart.c:2953:19:UART_SetConfig	72	static
../Drivers/STM32L4xx_HAL_Driver/Src/stm32l4xx_hal_uart.c:3186:6:UART_AdvFeatureConfig	16	static
../Drivers/STM32L4xx_HAL_Driver/Src/stm32l4xx_hal_uart.c:3274:19:UART_CheckIdleState	104	static,ignoring_inline_asm
../Drivers/STM32L4xx_HAL_Driver/Src/stm32l4xx_hal_uart.c:3349:19:UART_WaitOnFlagUntilTimeout	24	static
../Drivers/STM32L4xx_HAL_Driver/Src/stm32l4xx_hal_uart.c:3410:19:UART_Start_Receive_IT	96	static,ignoring_inline_asm
../Drivers/STM32L4xx_HAL_Driver/Src/stm32l4xx_hal_uart.c:3499:19:UART_Start_Receive_DMA	96	static,ignoring_inline_asm
../Drivers/STM32L4xx_HAL_Driver/Src/stm32l4xx_hal_uart.c:3553:13:UART_EndTxTransfer	40	static,ignoring_inline_asm
../Drivers/STM32L4xx_HAL_Driver/Src/stm32l4xx_hal_uart.c:3572:13:UART_EndRxTransfer	88	static,ignoring_inline_asm
../Drivers/STM32L4xx_HAL_Driver/Src/stm32l4xx_hal_uart.c:3600:13:UART_DMATransmitCplt	72	static,ignoring_inline_asm
../Drivers/STM32L4xx_HAL_Driver/Src/stm32l4xx_hal_uart.c:3631:13:UART_DMATxHalfCplt	24	static
../Drivers/STM32L4xx_HAL_Driver/Src/stm32l4xx_hal_uart.c:3648:13:UART_DMAReceiveCplt	120	static,ignoring_inline_asm
../Drivers/STM32L4xx_HAL_Driver/Src/stm32l4xx_hal_uart.c:3703:13:UART_DMARxHalfCplt	24	static
../Drivers/STM32L4xx_HAL_Driver/Src/stm32l4xx_hal_uart.c:3737:13:UART_DMAError	32	static
../Drivers/STM32L4xx_HAL_Driver/Src/stm32l4xx_hal_uart.c:3774:13:UART_DMAAbortOnError	24	static
../Drivers/STM32L4xx_HAL_Driver/Src/stm32l4xx_hal_uart.c:3796:13:UART_DMATxAbortCallback	24	static
../Drivers/STM32L4xx_HAL_Driver/Src/stm32l4xx_hal_uart.c:3850:13:UART_DMARxAbortCallback	24	static
../Drivers/STM32L4xx_HAL_Driver/Src/stm32l4xx_hal_uart.c:3899:13:UART_DMATxOnlyAbortCallback	24	static
../Drivers/STM32L4xx_HAL_Driver/Src/stm32l4xx_hal_uart.c:3933:13:UART_DMARxOnlyAbortCallback	24	static
../Drivers/STM32L4xx_HAL_Driver/Src/stm32l4xx_hal_uart.c:3967:13:UART_TxISR_8BIT	64	static,ignoring_inline_asm
../Drivers/STM32L4xx_HAL_Driver/Src/stm32l4xx_hal_uart.c:3996:13:UART_TxISR_16BIT	72	static,ignoring_inline_asm
../Drivers/STM32L4xx_HAL_Driver/Src/stm32l4xx_hal_uart.c:4110:13:UART_EndTransmit_IT	40	static,ignoring_inline_asm
../Drivers/STM32L4xx_HAL_Driver/Src/stm32l4xx_hal_uart.c:4134:13:UART_RxISR_8BIT	120	static,ignoring_inline_asm
../Drivers/STM32L4xx_HAL_Driver/Src/stm32l4xx_hal_uart.c:4219:13:UART_RxISR_16BIT	120	static,ignoring_inline_asm
