../Drivers/STM32L4xx_HAL_Driver/Src/stm32l4xx_hal_pwr_ex.c:109:10:HAL_PWREx_GetVoltageRange	4	static
../Drivers/STM32L4xx_HAL_Driver/Src/stm32l4xx_hal_pwr_ex.c:155:19:HAL_PWREx_ControlVoltageScaling	24	static
../Drivers/STM32L4xx_HAL_Driver/Src/stm32l4xx_hal_pwr_ex.c:267:6:HAL_PWREx_EnableBatteryCharging	16	static
../Drivers/STM32L4xx_HAL_Driver/Src/stm32l4xx_hal_pwr_ex.c:281:6:HAL_PWREx_DisableBatteryCharging	4	static
../Drivers/STM32L4xx_HAL_Driver/Src/stm32l4xx_hal_pwr_ex.c:291:6:HAL_PWREx_EnableVddUSB	4	static
../Drivers/STM32L4xx_HAL_Driver/Src/stm32l4xx_hal_pwr_ex.c:299:6:HAL_PWREx_DisableVddUSB	4	static
../Drivers/STM32L4xx_HAL_Driver/Src/stm32l4xx_hal_pwr_ex.c:310:6:HAL_PWREx_EnableVddIO2	4	static
../Drivers/STM32L4xx_HAL_Driver/Src/stm32l4xx_hal_pwr_ex.c:318:6:HAL_PWREx_DisableVddIO2	4	static
../Drivers/STM32L4xx_HAL_Driver/Src/stm32l4xx_hal_pwr_ex.c:327:6:HAL_PWREx_EnableInternalWakeUpLine	4	static
../Drivers/STM32L4xx_HAL_Driver/Src/stm32l4xx_hal_pwr_ex.c:335:6:HAL_PWREx_DisableInternalWakeUpLine	4	static
../Drivers/STM32L4xx_HAL_Driver/Src/stm32l4xx_hal_pwr_ex.c:360:19:HAL_PWREx_EnableGPIOPullUp	24	static
../Drivers/STM32L4xx_HAL_Driver/Src/stm32l4xx_hal_pwr_ex.c:441:19:HAL_PWREx_DisableGPIOPullUp	24	static
../Drivers/STM32L4xx_HAL_Driver/Src/stm32l4xx_hal_pwr_ex.c:515:19:HAL_PWREx_EnableGPIOPullDown	24	static
../Drivers/STM32L4xx_HAL_Driver/Src/stm32l4xx_hal_pwr_ex.c:597:19:HAL_PWREx_DisableGPIOPullDown	24	static
../Drivers/STM32L4xx_HAL_Driver/Src/stm32l4xx_hal_pwr_ex.c:665:6:HAL_PWREx_EnablePullUpPullDownConfig	4	static
../Drivers/STM32L4xx_HAL_Driver/Src/stm32l4xx_hal_pwr_ex.c:675:6:HAL_PWREx_DisablePullUpPullDownConfig	4	static
../Drivers/STM32L4xx_HAL_Driver/Src/stm32l4xx_hal_pwr_ex.c:683:6:HAL_PWREx_EnableSRAM2ContentRetention	8	static
../Drivers/STM32L4xx_HAL_Driver/Src/stm32l4xx_hal_pwr_ex.c:691:6:HAL_PWREx_DisableSRAM2ContentRetention	8	static
../Drivers/STM32L4xx_HAL_Driver/Src/stm32l4xx_hal_pwr_ex.c:705:19:HAL_PWREx_SetSRAM2ContentRetention	16	static
../Drivers/STM32L4xx_HAL_Driver/Src/stm32l4xx_hal_pwr_ex.c:756:6:HAL_PWREx_EnableExtSMPS_0V95	4	static
../Drivers/STM32L4xx_HAL_Driver/Src/stm32l4xx_hal_pwr_ex.c:767:6:HAL_PWREx_DisableExtSMPS_0V95	4	static
../Drivers/STM32L4xx_HAL_Driver/Src/stm32l4xx_hal_pwr_ex.c:823:6:HAL_PWREx_EnablePVM1	4	static
../Drivers/STM32L4xx_HAL_Driver/Src/stm32l4xx_hal_pwr_ex.c:831:6:HAL_PWREx_DisablePVM1	4	static
../Drivers/STM32L4xx_HAL_Driver/Src/stm32l4xx_hal_pwr_ex.c:841:6:HAL_PWREx_EnablePVM2	4	static
../Drivers/STM32L4xx_HAL_Driver/Src/stm32l4xx_hal_pwr_ex.c:849:6:HAL_PWREx_DisablePVM2	4	static
../Drivers/STM32L4xx_HAL_Driver/Src/stm32l4xx_hal_pwr_ex.c:858:6:HAL_PWREx_EnablePVM3	4	static
../Drivers/STM32L4xx_HAL_Driver/Src/stm32l4xx_hal_pwr_ex.c:866:6:HAL_PWREx_DisablePVM3	4	static
../Drivers/STM32L4xx_HAL_Driver/Src/stm32l4xx_hal_pwr_ex.c:874:6:HAL_PWREx_EnablePVM4	4	static
../Drivers/STM32L4xx_HAL_Driver/Src/stm32l4xx_hal_pwr_ex.c:882:6:HAL_PWREx_DisablePVM4	4	static
../Drivers/STM32L4xx_HAL_Driver/Src/stm32l4xx_hal_pwr_ex.c:898:19:HAL_PWREx_ConfigPVM	24	static
../Drivers/STM32L4xx_HAL_Driver/Src/stm32l4xx_hal_pwr_ex.c:1039:6:HAL_PWREx_EnableLowPowerRunMode	4	static
../Drivers/STM32L4xx_HAL_Driver/Src/stm32l4xx_hal_pwr_ex.c:1052:19:HAL_PWREx_DisableLowPowerRunMode	16	static
../Drivers/STM32L4xx_HAL_Driver/Src/stm32l4xx_hal_pwr_ex.c:1093:6:HAL_PWREx_EnterSTOP0Mode	16	static,ignoring_inline_asm
../Drivers/STM32L4xx_HAL_Driver/Src/stm32l4xx_hal_pwr_ex.c:1139:6:HAL_PWREx_EnterSTOP1Mode	16	static,ignoring_inline_asm
../Drivers/STM32L4xx_HAL_Driver/Src/stm32l4xx_hal_pwr_ex.c:1187:6:HAL_PWREx_EnterSTOP2Mode	16	static,ignoring_inline_asm
../Drivers/STM32L4xx_HAL_Driver/Src/stm32l4xx_hal_pwr_ex.c:1221:6:HAL_PWREx_EnterSHUTDOWNMode	4	static,ignoring_inline_asm
../Drivers/STM32L4xx_HAL_Driver/Src/stm32l4xx_hal_pwr_ex.c:1242:6:HAL_PWREx_PVD_PVM_IRQHandler	8	static
../Drivers/STM32L4xx_HAL_Driver/Src/stm32l4xx_hal_pwr_ex.c:1291:13:HAL_PWREx_PVM1Callback	4	static
../Drivers/STM32L4xx_HAL_Driver/Src/stm32l4xx_hal_pwr_ex.c:1303:13:HAL_PWREx_PVM2Callback	4	static
../Drivers/STM32L4xx_HAL_Driver/Src/stm32l4xx_hal_pwr_ex.c:1314:13:HAL_PWREx_PVM3Callback	4	static
../Drivers/STM32L4xx_HAL_Driver/Src/stm32l4xx_hal_pwr_ex.c:1324:13:HAL_PWREx_PVM4Callback	4	static
