../Drivers/STM32L4xx_HAL_Driver/Src/stm32l4xx_hal_rcc.c:265:19:HAL_RCC_DeInit	16	static
../Drivers/STM32L4xx_HAL_Driver/Src/stm32l4xx_hal_rcc.c:401:19:HAL_RCC_OscConfig	40	static
../Drivers/STM32L4xx_HAL_Driver/Src/stm32l4xx_hal_rcc.c:1039:19:HAL_RCC_ClockConfig	24	static
../Drivers/STM32L4xx_HAL_Driver/Src/stm32l4xx_hal_rcc.c:1271:6:HAL_RCC_MCOConfig	48	static
../Drivers/STM32L4xx_HAL_Driver/Src/stm32l4xx_hal_rcc.c:1331:10:HAL_RCC_GetSysClockFreq	40	static
../Drivers/STM32L4xx_HAL_Driver/Src/stm32l4xx_hal_rcc.c:1413:10:HAL_RCC_GetHCLKFreq	4	static
../Drivers/STM32L4xx_HAL_Driver/Src/stm32l4xx_hal_rcc.c:1423:10:HAL_RCC_GetPCLK1Freq	8	static
../Drivers/STM32L4xx_HAL_Driver/Src/stm32l4xx_hal_rcc.c:1436:10:HAL_RCC_GetPCLK2Freq	8	static
../Drivers/STM32L4xx_HAL_Driver/Src/stm32l4xx_hal_rcc.c:1450:6:HAL_RCC_GetOscConfig	16	static
../Drivers/STM32L4xx_HAL_Driver/Src/stm32l4xx_hal_rcc.c:1591:6:HAL_RCC_GetClockConfig	16	static
../Drivers/STM32L4xx_HAL_Driver/Src/stm32l4xx_hal_rcc.c:1628:6:HAL_RCC_EnableCSS	4	static
../Drivers/STM32L4xx_HAL_Driver/Src/stm32l4xx_hal_rcc.c:1637:6:HAL_RCC_NMI_IRQHandler	8	static
../Drivers/STM32L4xx_HAL_Driver/Src/stm32l4xx_hal_rcc.c:1652:13:HAL_RCC_CSSCallback	4	static
../Drivers/STM32L4xx_HAL_Driver/Src/stm32l4xx_hal_rcc.c:1665:10:HAL_RCC_GetResetSource	16	static
../Drivers/STM32L4xx_HAL_Driver/Src/stm32l4xx_hal_rcc.c:1694:26:RCC_SetFlashLatencyFromMSIRange	32	static
