../Drivers/STM32L4xx_HAL_Driver/Src/stm32l4xx_hal_flash.c:165:19:HAL_FLASH_Program	32	static
../Drivers/STM32L4xx_HAL_Driver/Src/stm32l4xx_hal_flash.c:237:19:HAL_FLASH_Program_IT	32	static
../Drivers/STM32L4xx_HAL_Driver/Src/stm32l4xx_hal_flash.c:287:6:HAL_FLASH_IRQHandler	24	static
../Drivers/STM32L4xx_HAL_Driver/Src/stm32l4xx_hal_flash.c:408:13:HAL_FLASH_EndOfOperationCallback	16	static
../Drivers/STM32L4xx_HAL_Driver/Src/stm32l4xx_hal_flash.c:425:13:HAL_FLASH_OperationErrorCallback	16	static
../Drivers/STM32L4xx_HAL_Driver/Src/stm32l4xx_hal_flash.c:457:19:HAL_FLASH_Unlock	16	static
../Drivers/STM32L4xx_HAL_Driver/Src/stm32l4xx_hal_flash.c:478:19:HAL_FLASH_Lock	4	static
../Drivers/STM32L4xx_HAL_Driver/Src/stm32l4xx_hal_flash.c:489:19:HAL_FLASH_OB_Unlock	4	static
../Drivers/STM32L4xx_HAL_Driver/Src/stm32l4xx_hal_flash.c:505:19:HAL_FLASH_OB_Lock	4	static
../Drivers/STM32L4xx_HAL_Driver/Src/stm32l4xx_hal_flash.c:516:19:HAL_FLASH_OB_Launch	8	static
../Drivers/STM32L4xx_HAL_Driver/Src/stm32l4xx_hal_flash.c:564:10:HAL_FLASH_GetError	4	static
../Drivers/STM32L4xx_HAL_Driver/Src/stm32l4xx_hal_flash.c:587:19:FLASH_WaitForLastOperation	24	static
../Drivers/STM32L4xx_HAL_Driver/Src/stm32l4xx_hal_flash.c:631:13:FLASH_Program_DoubleWord	24	static,ignoring_inline_asm
../Drivers/STM32L4xx_HAL_Driver/Src/stm32l4xx_hal_flash.c:655:13:FLASH_Program_Fast	40	static,ignoring_inline_asm
