../Drivers/STM32L4xx_HAL_Driver/Src/stm32l4xx_hal_rcc_ex.c:197:19:HAL_RCCEx_PeriphCLKConfig	32	static
../Drivers/STM32L4xx_HAL_Driver/Src/stm32l4xx_hal_rcc_ex.c:806:6:HAL_RCCEx_GetPeriphCLKConfig	16	static
../Drivers/STM32L4xx_HAL_Driver/Src/stm32l4xx_hal_rcc_ex.c:1152:10:HAL_RCCEx_GetPeriphCLKFreq	40	static
../Drivers/STM32L4xx_HAL_Driver/Src/stm32l4xx_hal_rcc_ex.c:2017:19:HAL_RCCEx_EnablePLLSAI1	24	static
../Drivers/STM32L4xx_HAL_Driver/Src/stm32l4xx_hal_rcc_ex.c:2080:19:HAL_RCCEx_DisablePLLSAI1	16	static
../Drivers/STM32L4xx_HAL_Driver/Src/stm32l4xx_hal_rcc_ex.c:2127:19:HAL_RCCEx_EnablePLLSAI2	24	static
../Drivers/STM32L4xx_HAL_Driver/Src/stm32l4xx_hal_rcc_ex.c:2200:19:HAL_RCCEx_DisablePLLSAI2	16	static
../Drivers/STM32L4xx_HAL_Driver/Src/stm32l4xx_hal_rcc_ex.c:2246:6:HAL_RCCEx_WakeUpStopCLKConfig	16	static
../Drivers/STM32L4xx_HAL_Driver/Src/stm32l4xx_hal_rcc_ex.c:2263:6:HAL_RCCEx_StandbyMSIRangeConfig	16	static
../Drivers/STM32L4xx_HAL_Driver/Src/stm32l4xx_hal_rcc_ex.c:2276:6:HAL_RCCEx_EnableLSECSS	4	static
../Drivers/STM32L4xx_HAL_Driver/Src/stm32l4xx_hal_rcc_ex.c:2285:6:HAL_RCCEx_DisableLSECSS	4	static
../Drivers/STM32L4xx_HAL_Driver/Src/stm32l4xx_hal_rcc_ex.c:2297:6:HAL_RCCEx_EnableLSECSS_IT	4	static
../Drivers/STM32L4xx_HAL_Driver/Src/stm32l4xx_hal_rcc_ex.c:2313:6:HAL_RCCEx_LSECSS_IRQHandler	8	static
../Drivers/STM32L4xx_HAL_Driver/Src/stm32l4xx_hal_rcc_ex.c:2328:13:HAL_RCCEx_LSECSS_Callback	4	static
../Drivers/STM32L4xx_HAL_Driver/Src/stm32l4xx_hal_rcc_ex.c:2342:6:HAL_RCCEx_EnableLSCO	48	static
../Drivers/STM32L4xx_HAL_Driver/Src/stm32l4xx_hal_rcc_ex.c:2385:6:HAL_RCCEx_DisableLSCO	16	static
../Drivers/STM32L4xx_HAL_Driver/Src/stm32l4xx_hal_rcc_ex.c:2418:6:HAL_RCCEx_EnableMSIPLLMode	4	static
../Drivers/STM32L4xx_HAL_Driver/Src/stm32l4xx_hal_rcc_ex.c:2427:6:HAL_RCCEx_DisableMSIPLLMode	4	static
../Drivers/STM32L4xx_HAL_Driver/Src/stm32l4xx_hal_rcc_ex.c:2831:26:RCCEx_PLLSAI1_Config	24	static
../Drivers/STM32L4xx_HAL_Driver/Src/stm32l4xx_hal_rcc_ex.c:3011:26:RCCEx_PLLSAI2_Config	24	static
../Drivers/STM32L4xx_HAL_Driver/Src/stm32l4xx_hal_rcc_ex.c:3187:17:RCCEx_GetSAIxPeriphCLKFreq	40	static
