../Drivers/CMSIS/Include/core_cm4.h:1606:23:__NVIC_SetPriorityGrouping	24	static
../Drivers/CMSIS/Include/core_cm4.h:1623:27:__NVIC_GetPriorityGrouping	4	static
../Drivers/CMSIS/Include/core_cm4.h:1634:23:__NVIC_EnableIRQ	16	static,ignoring_inline_asm
../Drivers/CMSIS/Include/core_cm4.h:1668:23:__NVIC_DisableIRQ	16	static,ignoring_inline_asm
../Drivers/CMSIS/Include/core_cm4.h:1685:27:__NVIC_GetPendingIRQ	16	static
../Drivers/CMSIS/Include/core_cm4.h:1702:23:__NVIC_SetPendingIRQ	16	static
../Drivers/CMSIS/Include/core_cm4.h:1715:23:__NVIC_ClearPendingIRQ	16	static
../Drivers/CMSIS/Include/core_cm4.h:1730:27:__NVIC_GetActive	16	static
../Drivers/CMSIS/Include/core_cm4.h:1750:23:__NVIC_SetPriority	16	static
../Drivers/CMSIS/Include/core_cm4.h:1769:27:__NVIC_GetPriority	16	static
../Drivers/CMSIS/Include/core_cm4.h:1791:27:NVIC_EncodePriority	40	static
../Drivers/CMSIS/Include/core_cm4.h:1825:23:NVIC_DecodePriority	40	static
../Drivers/CMSIS/Include/core_cm4.h:1883:35:__NVIC_SystemReset	4	static,ignoring_inline_asm
../Drivers/CMSIS/Include/core_cm4.h:1959:26:SysTick_Config	16	static
../Drivers/STM32L4xx_HAL_Driver/Src/stm32l4xx_hal_cortex.c:161:6:HAL_NVIC_SetPriorityGrouping	16	static
../Drivers/STM32L4xx_HAL_Driver/Src/stm32l4xx_hal_cortex.c:182:6:HAL_NVIC_SetPriority	32	static
../Drivers/STM32L4xx_HAL_Driver/Src/stm32l4xx_hal_cortex.c:205:6:HAL_NVIC_EnableIRQ	16	static
../Drivers/STM32L4xx_HAL_Driver/Src/stm32l4xx_hal_cortex.c:220:6:HAL_NVIC_DisableIRQ	16	static
../Drivers/STM32L4xx_HAL_Driver/Src/stm32l4xx_hal_cortex.c:232:6:HAL_NVIC_SystemReset	8	static
../Drivers/STM32L4xx_HAL_Driver/Src/stm32l4xx_hal_cortex.c:244:10:HAL_SYSTICK_Config	16	static
../Drivers/STM32L4xx_HAL_Driver/Src/stm32l4xx_hal_cortex.c:271:10:HAL_NVIC_GetPriorityGrouping	8	static
../Drivers/STM32L4xx_HAL_Driver/Src/stm32l4xx_hal_cortex.c:297:6:HAL_NVIC_GetPriority	24	static
../Drivers/STM32L4xx_HAL_Driver/Src/stm32l4xx_hal_cortex.c:313:6:HAL_NVIC_SetPendingIRQ	16	static
../Drivers/STM32L4xx_HAL_Driver/Src/stm32l4xx_hal_cortex.c:330:10:HAL_NVIC_GetPendingIRQ	16	static
../Drivers/STM32L4xx_HAL_Driver/Src/stm32l4xx_hal_cortex.c:345:6:HAL_NVIC_ClearPendingIRQ	16	static
../Drivers/STM32L4xx_HAL_Driver/Src/stm32l4xx_hal_cortex.c:361:10:HAL_NVIC_GetActive	16	static
../Drivers/STM32L4xx_HAL_Driver/Src/stm32l4xx_hal_cortex.c:374:6:HAL_SYSTICK_CLKSourceConfig	16	static
../Drivers/STM32L4xx_HAL_Driver/Src/stm32l4xx_hal_cortex.c:388:6:HAL_SYSTICK_IRQHandler	8	static
../Drivers/STM32L4xx_HAL_Driver/Src/stm32l4xx_hal_cortex.c:396:13:HAL_SYSTICK_Callback	4	static
../Drivers/STM32L4xx_HAL_Driver/Src/stm32l4xx_hal_cortex.c:414:6:HAL_MPU_Enable	16	static,ignoring_inline_asm
../Drivers/STM32L4xx_HAL_Driver/Src/stm32l4xx_hal_cortex.c:427:6:HAL_MPU_Disable	4	static,ignoring_inline_asm
../Drivers/STM32L4xx_HAL_Driver/Src/stm32l4xx_hal_cortex.c:441:6:HAL_MPU_ConfigRegion	16	static
